<?xml version="1.0" encoding="UTF-8"?>
<TestRun id="b626c451-ba96-44a4-a98f-74807e1044fb" name="Andy@ANDY-PC 2012-06-22 13:27:59" runUser="Andy-PC\Andy" xmlns="http://microsoft.com/schemas/VisualStudio/TeamTest/2010">
  <TestSettings name="Lokal" id="1e8110a4-fe86-41b2-aba8-127e0f01dea9">
    <Description>Dies sind die standardmäßigen Testeinstellungen für einen lokalen Testlauf.</Description>
    <Deployment enabled="false" runDeploymentRoot="Andy_ANDY-PC 2012-06-22 13_27_59">
      <DeploymentItem filename="E:\Git\Schule\GeldVerleih\Geldverleih\Geldverleih.Service\bin\Debug\Geldverleih.Service.dll" />
      <DeploymentItem filename="E:\Git\Schule\Geldverleih\Geldverleih\Geldverleih.UI\bin\Debug\Geldverleih.UI.exe" />
      <DeploymentItem filename="E:\Git\Schule\Geldverleih\Geldverleih\packages\RhinoMocks.3.6.1\lib\net\Rhino.Mocks.dll" />
      <DeploymentItem filename="E:\Git\Schule\GeldVerleih\Geldverleih\Geldverleih.Domain\bin\Debug\Geldverleih.Domain.dll" />
      <DeploymentItem filename="E:\Git\Schule\GeldVerleih\Geldverleih\Geldverleih\bin\Debug\Geldverleih.Repository.dll" />
    </Deployment>
    <Execution>
      <TestTypeSpecific />
      <AgentRule name="Execution Agents">
      </AgentRule>
    </Execution>
  </TestSettings>
  <Times creation="2012-06-22T13:27:59.5013554+02:00" queuing="2012-06-22T13:28:00.5711664+02:00" start="2012-06-22T13:28:00.8051669+02:00" finish="2012-06-22T13:28:01.6319683+02:00" />
  <ResultSummary outcome="Failed">
    <Counters total="1" executed="1" error="0" failed="1" timeout="0" aborted="0" inconclusive="0" passedButRunAborted="0" notRunnable="0" notExecuted="0" disconnected="0" warning="0" passed="0" completed="0" inProgress="0" pending="0" />
  </ResultSummary>
  <TestDefinitions>
    <UnitTest name="TagesZinsenFuerZeitspanneWerdenRichtigBerechnet" storage="e:\git\schule\geldverleih\geldverleih\geldverleih.tests\bin\debug\geldverleih.tests.dll" id="911dfca9-558c-2bd5-ee24-5e2bdfecccc9">
      <Execution id="6524e72b-5922-499d-bed7-8e0724397368" />
      <TestMethod codeBase="E:/Git/Schule/Geldverleih/Geldverleih/Geldverleih.Tests/bin/Debug/Geldverleih.Tests.DLL" adapterTypeName="Microsoft.VisualStudio.TestTools.TestTypes.Unit.UnitTestAdapter, Microsoft.VisualStudio.QualityTools.Tips.UnitTest.Adapter, Version=10.0.0.0, Culture=neutral, PublicKeyToken=b03f5f7f11d50a3a" className="Geldverleih.Tests.TagesZinsRechnerTest, Geldverleih.Tests, Version=1.0.0.0, Culture=neutral, PublicKeyToken=null" name="TagesZinsenFuerZeitspanneWerdenRichtigBerechnet" />
    </UnitTest>
  </TestDefinitions>
  <TestLists>
    <TestList name="Nicht in einer Liste enthaltene Ergebnisse" id="8c84fa94-04c1-424b-9868-57a2d4851a1d" />
    <TestList name="Alle geladenen Ergebnisse" id="19431567-8539-422a-85d7-44ee4e166bda" />
  </TestLists>
  <TestEntries>
    <TestEntry testId="911dfca9-558c-2bd5-ee24-5e2bdfecccc9" executionId="6524e72b-5922-499d-bed7-8e0724397368" testListId="8c84fa94-04c1-424b-9868-57a2d4851a1d" />
  </TestEntries>
  <Results>
    <UnitTestResult executionId="6524e72b-5922-499d-bed7-8e0724397368" testId="911dfca9-558c-2bd5-ee24-5e2bdfecccc9" testName="TagesZinsenFuerZeitspanneWerdenRichtigBerechnet" computerName="ANDY-PC" duration="00:00:00.1300605" startTime="2012-06-22T13:28:00.8519669+02:00" endTime="2012-06-22T13:28:01.5071681+02:00" testType="13cdc9d9-ddb5-4fa4-a97d-d965ccfc6d4b" outcome="Failed" testListId="8c84fa94-04c1-424b-9868-57a2d4851a1d" relativeResultsDirectory="6524e72b-5922-499d-bed7-8e0724397368">
      <Output>
        <ErrorInfo>
          <Message>Die Geldverleih.Tests.TagesZinsRechnerTest.TagesZinsenFuerZeitspanneWerdenRichtigBerechnet-Testmethode hat eine Ausnahme ausgelöst: System.Exception: Eine Ausnahme vom Typ "System.Exception" wurde ausgelöst.</Message>
          <StackTrace>    bei Geldverleih.UI.presenters.TagesZinsRechner.ZinsenFuerZeitraumBerechnen(Decimal betrag, ZeitSpanne zeitSpanne) in E:\Git\Schule\Geldverleih\Geldverleih\Geldverleih.UI\presenters\IZinsRechner.cs:Zeile 18.
   bei Geldverleih.Tests.TagesZinsRechnerTest.TagesZinsenFuerZeitspanneWerdenRichtigBerechnet() in E:\Git\Schule\Geldverleih\Geldverleih\Geldverleih.Tests\TagesZinsRechnerTest.cs:Zeile 15.
</StackTrace>
        </ErrorInfo>
      </Output>
    </UnitTestResult>
  </Results>
</TestRun>