<?xml version="1.0" encoding="UTF-8"?>
<TestRun id="65047333-183e-4587-b58f-60aef55367fc" name="Andy@ANDY-PC 2012-06-19 08:20:43" runUser="Andy-PC\Andy" xmlns="http://microsoft.com/schemas/VisualStudio/TeamTest/2010">
  <TestSettings name="Lokal" id="1e8110a4-fe86-41b2-aba8-127e0f01dea9">
    <Description>Dies sind die standardmäßigen Testeinstellungen für einen lokalen Testlauf.</Description>
    <Deployment enabled="false" runDeploymentRoot="Andy_ANDY-PC 2012-06-19 08_20_43">
      <DeploymentItem filename="E:\Git\Schule\GeldVerleih\Geldverleih\Geldverleih.Service\bin\Debug\Geldverleih.Service.dll" />
      <DeploymentItem filename="E:\Git\Schule\GeldVerleih\Geldverleih\Geldverleih\bin\Debug\Geldverleih.Repository.dll" />
      <DeploymentItem filename="E:\Git\Schule\GeldVerleih\Geldverleih\Geldverleih.Domain\bin\Debug\Geldverleih.Domain.dll" />
      <DeploymentItem filename="E:\Git\Schule\GeldVerleih\Geldverleih\packages\RhinoMocks.3.6.1\lib\net\Rhino.Mocks.dll" />
    </Deployment>
    <Execution>
      <TestTypeSpecific />
      <AgentRule name="Execution Agents">
      </AgentRule>
    </Execution>
  </TestSettings>
  <Times creation="2012-06-19T08:20:43.0249889+02:00" queuing="2012-06-19T08:20:43.0319893+02:00" start="2012-06-19T08:20:43.0449900+02:00" finish="2012-06-19T08:20:43.4750146+02:00" />
  <ResultSummary outcome="Completed">
    <Counters total="4" executed="4" passed="4" error="0" failed="0" timeout="0" aborted="0" inconclusive="0" passedButRunAborted="0" notRunnable="0" notExecuted="0" disconnected="0" warning="0" completed="0" inProgress="0" pending="0" />
  </ResultSummary>
  <TestDefinitions>
    <UnitTest name="BankserviceKannErstelltWerden" storage="e:\git\schule\geldverleih\geldverleih\geldverleih.tests\bin\debug\geldverleih.tests.dll" id="e35f944c-e4b6-be64-e3db-85bdd09946ba">
      <Execution id="7f6bba6f-04ae-4912-ab12-e026bb4b1544" />
      <TestMethod codeBase="E:/Git/Schule/GeldVerleih/Geldverleih/Geldverleih.Tests/bin/Debug/Geldverleih.Tests.DLL" adapterTypeName="Microsoft.VisualStudio.TestTools.TestTypes.Unit.UnitTestAdapter, Microsoft.VisualStudio.QualityTools.Tips.UnitTest.Adapter, Version=10.0.0.0, Culture=neutral, PublicKeyToken=b03f5f7f11d50a3a" className="Geldverleih.Tests.BankserviceTest, Geldverleih.Tests, Version=1.0.0.0, Culture=neutral, PublicKeyToken=null" name="BankserviceKannErstelltWerden" />
    </UnitTest>
    <UnitTest name="KunderepositoryKannErstelltWerden" storage="e:\git\schule\geldverleih\geldverleih\geldverleih.tests\bin\debug\geldverleih.tests.dll" id="cc58c426-32e9-a7a3-0566-5779b40e2d81">
      <Execution id="208f6f0f-5938-44d8-906c-5bff0ca82069" />
      <TestMethod codeBase="E:/Git/Schule/GeldVerleih/Geldverleih/Geldverleih.Tests/bin/Debug/Geldverleih.Tests.DLL" adapterTypeName="Microsoft.VisualStudio.TestTools.TestTypes.Unit.UnitTestAdapter, Microsoft.VisualStudio.QualityTools.Tips.UnitTest.Adapter, Version=10.0.0.0, Culture=neutral, PublicKeyToken=b03f5f7f11d50a3a" className="Geldverleih.Tests.KundenrepositoryTest, Geldverleih.Tests, Version=1.0.0.0, Culture=neutral, PublicKeyToken=null" name="KunderepositoryKannErstelltWerden" />
    </UnitTest>
    <UnitTest name="RueckgabeWirdInsRepositoryGeschrieben" storage="e:\git\schule\geldverleih\geldverleih\geldverleih.tests\bin\debug\geldverleih.tests.dll" id="68db84d8-8645-e225-dbf9-647bd947b8c1">
      <Execution id="b1261577-b60a-413f-8d8b-018cbd20cf29" />
      <TestMethod codeBase="E:/Git/Schule/GeldVerleih/Geldverleih/Geldverleih.Tests/bin/Debug/Geldverleih.Tests.DLL" adapterTypeName="Microsoft.VisualStudio.TestTools.TestTypes.Unit.UnitTestAdapter, Microsoft.VisualStudio.QualityTools.Tips.UnitTest.Adapter, Version=10.0.0.0, Culture=neutral, PublicKeyToken=b03f5f7f11d50a3a" className="Geldverleih.Tests.BankserviceTest, Geldverleih.Tests, Version=1.0.0.0, Culture=neutral, PublicKeyToken=null" name="RueckgabeWirdInsRepositoryGeschrieben" />
    </UnitTest>
    <UnitTest name="AusleihvorgangWirdInsRepositoryGeschrieben" storage="e:\git\schule\geldverleih\geldverleih\geldverleih.tests\bin\debug\geldverleih.tests.dll" id="2c96dbd8-c26f-b555-2b6e-9317cd39ec32">
      <Execution id="4e7f0356-7145-4157-af80-76d198f26dba" />
      <TestMethod codeBase="E:/Git/Schule/GeldVerleih/Geldverleih/Geldverleih.Tests/bin/Debug/Geldverleih.Tests.DLL" adapterTypeName="Microsoft.VisualStudio.TestTools.TestTypes.Unit.UnitTestAdapter, Microsoft.VisualStudio.QualityTools.Tips.UnitTest.Adapter, Version=10.0.0.0, Culture=neutral, PublicKeyToken=b03f5f7f11d50a3a" className="Geldverleih.Tests.BankserviceTest, Geldverleih.Tests, Version=1.0.0.0, Culture=neutral, PublicKeyToken=null" name="AusleihvorgangWirdInsRepositoryGeschrieben" />
    </UnitTest>
  </TestDefinitions>
  <TestLists>
    <TestList name="Nicht in einer Liste enthaltene Ergebnisse" id="8c84fa94-04c1-424b-9868-57a2d4851a1d" />
    <TestList name="Alle geladenen Ergebnisse" id="19431567-8539-422a-85d7-44ee4e166bda" />
  </TestLists>
  <TestEntries>
    <TestEntry testId="2c96dbd8-c26f-b555-2b6e-9317cd39ec32" executionId="4e7f0356-7145-4157-af80-76d198f26dba" testListId="8c84fa94-04c1-424b-9868-57a2d4851a1d" />
    <TestEntry testId="68db84d8-8645-e225-dbf9-647bd947b8c1" executionId="b1261577-b60a-413f-8d8b-018cbd20cf29" testListId="8c84fa94-04c1-424b-9868-57a2d4851a1d" />
    <TestEntry testId="cc58c426-32e9-a7a3-0566-5779b40e2d81" executionId="208f6f0f-5938-44d8-906c-5bff0ca82069" testListId="8c84fa94-04c1-424b-9868-57a2d4851a1d" />
    <TestEntry testId="e35f944c-e4b6-be64-e3db-85bdd09946ba" executionId="7f6bba6f-04ae-4912-ab12-e026bb4b1544" testListId="8c84fa94-04c1-424b-9868-57a2d4851a1d" />
  </TestEntries>
  <Results>
    <UnitTestResult executionId="4e7f0356-7145-4157-af80-76d198f26dba" testId="2c96dbd8-c26f-b555-2b6e-9317cd39ec32" testName="AusleihvorgangWirdInsRepositoryGeschrieben" computerName="ANDY-PC" duration="00:00:00.1632172" startTime="2012-06-19T08:20:43.0459901+02:00" endTime="2012-06-19T08:20:43.4140111+02:00" testType="13cdc9d9-ddb5-4fa4-a97d-d965ccfc6d4b" outcome="Passed" testListId="8c84fa94-04c1-424b-9868-57a2d4851a1d" relativeResultsDirectory="4e7f0356-7145-4157-af80-76d198f26dba">
    </UnitTestResult>
    <UnitTestResult executionId="b1261577-b60a-413f-8d8b-018cbd20cf29" testId="68db84d8-8645-e225-dbf9-647bd947b8c1" testName="RueckgabeWirdInsRepositoryGeschrieben" computerName="ANDY-PC" duration="00:00:00.0043894" startTime="2012-06-19T08:20:43.4150112+02:00" endTime="2012-06-19T08:20:43.4250118+02:00" testType="13cdc9d9-ddb5-4fa4-a97d-d965ccfc6d4b" outcome="Passed" testListId="8c84fa94-04c1-424b-9868-57a2d4851a1d" relativeResultsDirectory="b1261577-b60a-413f-8d8b-018cbd20cf29">
    </UnitTestResult>
    <UnitTestResult executionId="208f6f0f-5938-44d8-906c-5bff0ca82069" testId="cc58c426-32e9-a7a3-0566-5779b40e2d81" testName="KunderepositoryKannErstelltWerden" computerName="ANDY-PC" duration="00:00:00.0003873" startTime="2012-06-19T08:20:43.4370124+02:00" endTime="2012-06-19T08:20:43.4440128+02:00" testType="13cdc9d9-ddb5-4fa4-a97d-d965ccfc6d4b" outcome="Passed" testListId="8c84fa94-04c1-424b-9868-57a2d4851a1d" relativeResultsDirectory="208f6f0f-5938-44d8-906c-5bff0ca82069">
    </UnitTestResult>
    <UnitTestResult executionId="7f6bba6f-04ae-4912-ab12-e026bb4b1544" testId="e35f944c-e4b6-be64-e3db-85bdd09946ba" testName="BankserviceKannErstelltWerden" computerName="ANDY-PC" duration="00:00:00.0005226" startTime="2012-06-19T08:20:43.4460130+02:00" endTime="2012-06-19T08:20:43.4520133+02:00" testType="13cdc9d9-ddb5-4fa4-a97d-d965ccfc6d4b" outcome="Passed" testListId="8c84fa94-04c1-424b-9868-57a2d4851a1d" relativeResultsDirectory="7f6bba6f-04ae-4912-ab12-e026bb4b1544">
    </UnitTestResult>
  </Results>
</TestRun>